// Jest Snapshot v1, https://goo.gl/fbAQLP

exports[`search-bar renders correctly 1`] = `
<nav
  className="nav"
>
  <ul>
    <li>
      <Link
        href="/"
      >
        <span>
          home
        </span>
      </Link>
    </li>
    <li>
      <Link
        href="/a"
      >
        <span>
          Page a
        </span>
      </Link>
    </li>
    <li>
      <Link
        href="/b"
      >
        <span>
          Page b
        </span>
      </Link>
    </li>
  </ul>
</nav>
`;
